<!DOCTYPE html>
<html>
<head>
<meta charset="utf-8">
<meta http-equiv="X-UA-Compatible" content="IE=edge">
<meta name="viewport" content="width=device-width, initial-scale=1">
<title>References: go.pact.im/x/crypt/crypterrors.InvalidParameterValueError.Expected</title>
<link href="../../../../css/auto-v0.7.6.css" rel="stylesheet">
<script src="../../../../jvs/golds-v0.7.6.js"></script>
<body onload="onPageLoad()"><div>

<pre><code><span style="font-size:x-large;"><b><a href="../../../../pkg/go.pact.im/x/crypt/crypterrors.html">go.pact.im/x/crypt/crypterrors</a>.<a href="../../../../src/go.pact.im/x/crypt/crypterrors/crypterrors.go.html#line-84">InvalidParameterValueError</a>.<a href="../../../../src/go.pact.im/x/crypt/crypterrors/crypterrors.go.html#line-90">Expected</a></b></span><span style="font-size: large;"><i> (field)</i></span>

<span class="title">3 uses</span>

	go.pact.im/x/crypt/crypterrors (current package)
		<a href="../../../../src/go.pact.im/x/crypt/crypterrors/crypterrors.go.html#line-90">crypterrors.go#L90</a>: 	<b>Expected</b> string
		<a href="../../../../src/go.pact.im/x/crypt/crypterrors/crypterrors.go.html#line-99" class="path-duplicate">crypterrors.go</a><a href="../../../../src/go.pact.im/x/crypt/crypterrors/crypterrors.go.html#line-99">#L99</a>: 	return fmt.Sprintf(m+" %q (given %q, expected %s)", e.Name, e.Value, e.<b>Expected</b>)

	<a href="../../../../pkg/go.pact.im/x/crypt.html">go.pact.im/x/crypt</a>
		<a href="../../../../src/go.pact.im/x/crypt/argon2.go.html#line-75">argon2.go#L75</a>: 				<b>Expected</b>: desc,
</code></pre><pre id="footer">
The pages are generated with <a href="https://go101.org/apps-and-libs/golds.html"><b>Golds</b></a> <i>v0.7.6</i>. (GOOS=linux GOARCH=amd64)</pre>